// Jest Snapshot v1, https://goo.gl/fbAQLP

exports[`render Movies List from given props 1`] = `
<div
  className="MuiGrid-root movies-component-list MuiGrid-container MuiGrid-justify-xs-space-between"
>
  <div
    className="MuiGrid-root movies-component-list-item MuiGrid-item"
  >
    <div
      className="MuiGrid-root MuiGrid-container MuiGrid-align-items-xs-center"
    >
      <div
        className="MuiGrid-root MuiGrid-item"
      >
        <span
          aria-disabled={false}
          className="MuiButtonBase-root MuiIconButton-root PrivateSwitchBase-root-110 MuiCheckbox-root MuiCheckbox-colorSecondary MuiIconButton-colorSecondary"
          onBlur={[Function]}
          onDragLeave={[Function]}
          onFocus={[Function]}
          onKeyDown={[Function]}
          onKeyUp={[Function]}
          onMouseDown={[Function]}
          onMouseLeave={[Function]}
          onMouseUp={[Function]}
          onTouchEnd={[Function]}
          onTouchMove={[Function]}
          onTouchStart={[Function]}
          tabIndex={null}
        >
          <span
            className="MuiIconButton-label"
          >
            <svg
              aria-hidden="true"
              className="MuiSvgIcon-root"
              focusable="false"
              role="presentation"
              viewBox="0 0 24 24"
            >
              <path
                d="M19 5v14H5V5h14m0-2H5c-1.1 0-2 .9-2 2v14c0 1.1.9 2 2 2h14c1.1 0 2-.9 2-2V5c0-1.1-.9-2-2-2z"
              />
            </svg>
            <input
              className="PrivateSwitchBase-input-113"
              data-indeterminate={false}
              onChange={[Function]}
              type="checkbox"
              value="tt3606756"
            />
          </span>
        </span>
      </div>
      <div
        className="MuiGrid-root MuiGrid-item"
      >
        <h5>
          Os Incríveis 2
        </h5>
        <p>
          2018
        </p>
      </div>
    </div>
  </div>
  <div
    className="MuiGrid-root movies-component-list-item MuiGrid-item"
  >
    <div
      className="MuiGrid-root MuiGrid-container MuiGrid-align-items-xs-center"
    >
      <div
        className="MuiGrid-root MuiGrid-item"
      >
        <span
          aria-disabled={false}
          className="MuiButtonBase-root MuiIconButton-root PrivateSwitchBase-root-110 MuiCheckbox-root MuiCheckbox-colorSecondary MuiIconButton-colorSecondary"
          onBlur={[Function]}
          onDragLeave={[Function]}
          onFocus={[Function]}
          onKeyDown={[Function]}
          onKeyUp={[Function]}
          onMouseDown={[Function]}
          onMouseLeave={[Function]}
          onMouseUp={[Function]}
          onTouchEnd={[Function]}
          onTouchMove={[Function]}
          onTouchStart={[Function]}
          tabIndex={null}
        >
          <span
            className="MuiIconButton-label"
          >
            <svg
              aria-hidden="true"
              className="MuiSvgIcon-root"
              focusable="false"
              role="presentation"
              viewBox="0 0 24 24"
            >
              <path
                d="M19 5v14H5V5h14m0-2H5c-1.1 0-2 .9-2 2v14c0 1.1.9 2 2 2h14c1.1 0 2-.9 2-2V5c0-1.1-.9-2-2-2z"
              />
            </svg>
            <input
              className="PrivateSwitchBase-input-113"
              data-indeterminate={false}
              onChange={[Function]}
              type="checkbox"
              value="tt4881806"
            />
          </span>
        </span>
      </div>
      <div
        className="MuiGrid-root MuiGrid-item"
      >
        <h5>
          Jurassic World: Reino Ameaçado
        </h5>
        <p>
          2018
        </p>
      </div>
    </div>
  </div>
  <div
    className="MuiGrid-root movies-component-list-item MuiGrid-item"
  >
    <div
      className="MuiGrid-root MuiGrid-container MuiGrid-align-items-xs-center"
    >
      <div
        className="MuiGrid-root MuiGrid-item"
      >
        <span
          aria-disabled={false}
          className="MuiButtonBase-root MuiIconButton-root PrivateSwitchBase-root-110 MuiCheckbox-root MuiCheckbox-colorSecondary MuiIconButton-colorSecondary"
          onBlur={[Function]}
          onDragLeave={[Function]}
          onFocus={[Function]}
          onKeyDown={[Function]}
          onKeyUp={[Function]}
          onMouseDown={[Function]}
          onMouseLeave={[Function]}
          onMouseUp={[Function]}
          onTouchEnd={[Function]}
          onTouchMove={[Function]}
          onTouchStart={[Function]}
          tabIndex={null}
        >
          <span
            className="MuiIconButton-label"
          >
            <svg
              aria-hidden="true"
              className="MuiSvgIcon-root"
              focusable="false"
              role="presentation"
              viewBox="0 0 24 24"
            >
              <path
                d="M19 5v14H5V5h14m0-2H5c-1.1 0-2 .9-2 2v14c0 1.1.9 2 2 2h14c1.1 0 2-.9 2-2V5c0-1.1-.9-2-2-2z"
              />
            </svg>
            <input
              className="PrivateSwitchBase-input-113"
              data-indeterminate={false}
              onChange={[Function]}
              type="checkbox"
              value="tt5164214"
            />
          </span>
        </span>
      </div>
      <div
        className="MuiGrid-root MuiGrid-item"
      >
        <h5>
          Oito Mulheres e um Segredo
        </h5>
        <p>
          2018
        </p>
      </div>
    </div>
  </div>
  <div
    className="MuiGrid-root movies-component-list-item MuiGrid-item"
  >
    <div
      className="MuiGrid-root MuiGrid-container MuiGrid-align-items-xs-center"
    >
      <div
        className="MuiGrid-root MuiGrid-item"
      >
        <span
          aria-disabled={false}
          className="MuiButtonBase-root MuiIconButton-root PrivateSwitchBase-root-110 MuiCheckbox-root MuiCheckbox-colorSecondary MuiIconButton-colorSecondary"
          onBlur={[Function]}
          onDragLeave={[Function]}
          onFocus={[Function]}
          onKeyDown={[Function]}
          onKeyUp={[Function]}
          onMouseDown={[Function]}
          onMouseLeave={[Function]}
          onMouseUp={[Function]}
          onTouchEnd={[Function]}
          onTouchMove={[Function]}
          onTouchStart={[Function]}
          tabIndex={null}
        >
          <span
            className="MuiIconButton-label"
          >
            <svg
              aria-hidden="true"
              className="MuiSvgIcon-root"
              focusable="false"
              role="presentation"
              viewBox="0 0 24 24"
            >
              <path
                d="M19 5v14H5V5h14m0-2H5c-1.1 0-2 .9-2 2v14c0 1.1.9 2 2 2h14c1.1 0 2-.9 2-2V5c0-1.1-.9-2-2-2z"
              />
            </svg>
            <input
              className="PrivateSwitchBase-input-113"
              data-indeterminate={false}
              onChange={[Function]}
              type="checkbox"
              value="tt5463162"
            />
          </span>
        </span>
      </div>
      <div
        className="MuiGrid-root MuiGrid-item"
      >
        <h5>
          Deadpool 2
        </h5>
        <p>
          2018
        </p>
      </div>
    </div>
  </div>
</div>
`;
